running egg_info
creating build/kolocharov_pkg/kolocharov_pkg.egg-info
writing build/kolocharov_pkg/kolocharov_pkg.egg-info/PKG-INFO
writing dependency_links to build/kolocharov_pkg/kolocharov_pkg.egg-info/dependency_links.txt
writing entry points to build/kolocharov_pkg/kolocharov_pkg.egg-info/entry_points.txt
writing requirements to build/kolocharov_pkg/kolocharov_pkg.egg-info/requires.txt
writing top-level names to build/kolocharov_pkg/kolocharov_pkg.egg-info/top_level.txt
writing manifest file 'build/kolocharov_pkg/kolocharov_pkg.egg-info/SOURCES.txt'
reading manifest file 'build/kolocharov_pkg/kolocharov_pkg.egg-info/SOURCES.txt'
writing manifest file 'build/kolocharov_pkg/kolocharov_pkg.egg-info/SOURCES.txt'
running build
running build_py
creating /home/i-mv/ros2_ws/src/kolocharov_pkg/build/kolocharov_pkg/build
creating /home/i-mv/ros2_ws/src/kolocharov_pkg/build/kolocharov_pkg/build/lib
creating /home/i-mv/ros2_ws/src/kolocharov_pkg/build/kolocharov_pkg/build/lib/kolocharov_pkg
copying kolocharov_pkg/__init__.py -> /home/i-mv/ros2_ws/src/kolocharov_pkg/build/kolocharov_pkg/build/lib/kolocharov_pkg
creating /home/i-mv/ros2_ws/src/kolocharov_pkg/build/kolocharov_pkg/build/lib/kolocharov_pkg/scripts
copying kolocharov_pkg/scripts/talker.py -> /home/i-mv/ros2_ws/src/kolocharov_pkg/build/kolocharov_pkg/build/lib/kolocharov_pkg/scripts
copying kolocharov_pkg/scripts/time_printer.py -> /home/i-mv/ros2_ws/src/kolocharov_pkg/build/kolocharov_pkg/build/lib/kolocharov_pkg/scripts
copying kolocharov_pkg/scripts/__init__.py -> /home/i-mv/ros2_ws/src/kolocharov_pkg/build/kolocharov_pkg/build/lib/kolocharov_pkg/scripts
copying kolocharov_pkg/scripts/first_node.py -> /home/i-mv/ros2_ws/src/kolocharov_pkg/build/kolocharov_pkg/build/lib/kolocharov_pkg/scripts
running install
running install_lib
creating /home/i-mv/ros2_ws/src/kolocharov_pkg/install/kolocharov_pkg/lib/python3.12/site-packages/kolocharov_pkg
creating /home/i-mv/ros2_ws/src/kolocharov_pkg/install/kolocharov_pkg/lib/python3.12/site-packages/kolocharov_pkg/scripts
copying /home/i-mv/ros2_ws/src/kolocharov_pkg/build/kolocharov_pkg/build/lib/kolocharov_pkg/scripts/talker.py -> /home/i-mv/ros2_ws/src/kolocharov_pkg/install/kolocharov_pkg/lib/python3.12/site-packages/kolocharov_pkg/scripts
copying /home/i-mv/ros2_ws/src/kolocharov_pkg/build/kolocharov_pkg/build/lib/kolocharov_pkg/scripts/time_printer.py -> /home/i-mv/ros2_ws/src/kolocharov_pkg/install/kolocharov_pkg/lib/python3.12/site-packages/kolocharov_pkg/scripts
copying /home/i-mv/ros2_ws/src/kolocharov_pkg/build/kolocharov_pkg/build/lib/kolocharov_pkg/scripts/__init__.py -> /home/i-mv/ros2_ws/src/kolocharov_pkg/install/kolocharov_pkg/lib/python3.12/site-packages/kolocharov_pkg/scripts
copying /home/i-mv/ros2_ws/src/kolocharov_pkg/build/kolocharov_pkg/build/lib/kolocharov_pkg/scripts/first_node.py -> /home/i-mv/ros2_ws/src/kolocharov_pkg/install/kolocharov_pkg/lib/python3.12/site-packages/kolocharov_pkg/scripts
copying /home/i-mv/ros2_ws/src/kolocharov_pkg/build/kolocharov_pkg/build/lib/kolocharov_pkg/__init__.py -> /home/i-mv/ros2_ws/src/kolocharov_pkg/install/kolocharov_pkg/lib/python3.12/site-packages/kolocharov_pkg
byte-compiling /home/i-mv/ros2_ws/src/kolocharov_pkg/install/kolocharov_pkg/lib/python3.12/site-packages/kolocharov_pkg/scripts/talker.py to talker.cpython-312.pyc
byte-compiling /home/i-mv/ros2_ws/src/kolocharov_pkg/install/kolocharov_pkg/lib/python3.12/site-packages/kolocharov_pkg/scripts/time_printer.py to time_printer.cpython-312.pyc
byte-compiling /home/i-mv/ros2_ws/src/kolocharov_pkg/install/kolocharov_pkg/lib/python3.12/site-packages/kolocharov_pkg/scripts/__init__.py to __init__.cpython-312.pyc
byte-compiling /home/i-mv/ros2_ws/src/kolocharov_pkg/install/kolocharov_pkg/lib/python3.12/site-packages/kolocharov_pkg/scripts/first_node.py to first_node.cpython-312.pyc
byte-compiling /home/i-mv/ros2_ws/src/kolocharov_pkg/install/kolocharov_pkg/lib/python3.12/site-packages/kolocharov_pkg/__init__.py to __init__.cpython-312.pyc
running install_data
creating /home/i-mv/ros2_ws/src/kolocharov_pkg/install/kolocharov_pkg/share/ament_index
creating /home/i-mv/ros2_ws/src/kolocharov_pkg/install/kolocharov_pkg/share/ament_index/resource_index
creating /home/i-mv/ros2_ws/src/kolocharov_pkg/install/kolocharov_pkg/share/ament_index/resource_index/packages
copying resource/kolocharov_pkg -> /home/i-mv/ros2_ws/src/kolocharov_pkg/install/kolocharov_pkg/share/ament_index/resource_index/packages
copying package.xml -> /home/i-mv/ros2_ws/src/kolocharov_pkg/install/kolocharov_pkg/share/kolocharov_pkg
running install_egg_info
Copying build/kolocharov_pkg/kolocharov_pkg.egg-info to /home/i-mv/ros2_ws/src/kolocharov_pkg/install/kolocharov_pkg/lib/python3.12/site-packages/kolocharov_pkg-0.0.0-py3.12.egg-info
running install_scripts
Installing first_node script to /home/i-mv/ros2_ws/src/kolocharov_pkg/install/kolocharov_pkg/lib/kolocharov_pkg
Installing talker script to /home/i-mv/ros2_ws/src/kolocharov_pkg/install/kolocharov_pkg/lib/kolocharov_pkg
Installing time_printer script to /home/i-mv/ros2_ws/src/kolocharov_pkg/install/kolocharov_pkg/lib/kolocharov_pkg
writing list of installed files to '/home/i-mv/ros2_ws/src/kolocharov_pkg/build/kolocharov_pkg/install.log'
