[1.579s] Invoking command in '/home/i-mv/ros2_ws/src/kolocharov_pkg': DEBUGINFOD_URLS=https://debuginfod.ubuntu.com PYTHONPATH=/home/i-mv/ros2_ws/src/kolocharov_pkg/build/kolocharov_pkg/prefix_override:/usr/lib/python3/dist-packages/colcon_core/task/python/colcon_distutils_commands:/home/i-mv/ros2_ws/src/kolocharov_pkg/install/kolocharov_pkg/lib/python3.12/site-packages:${PYTHONPATH} /usr/bin/python3 -W ignore:setup.py install is deprecated -W ignore:easy_install command is deprecated setup.py egg_info --egg-base build/kolocharov_pkg build --build-base /home/i-mv/ros2_ws/src/kolocharov_pkg/build/kolocharov_pkg/build install --record /home/i-mv/ros2_ws/src/kolocharov_pkg/build/kolocharov_pkg/install.log --single-version-externally-managed install_data
[2.080s] running egg_info
[2.081s] creating build/kolocharov_pkg/kolocharov_pkg.egg-info
[2.121s] writing build/kolocharov_pkg/kolocharov_pkg.egg-info/PKG-INFO
[2.121s] writing dependency_links to build/kolocharov_pkg/kolocharov_pkg.egg-info/dependency_links.txt
[2.121s] writing entry points to build/kolocharov_pkg/kolocharov_pkg.egg-info/entry_points.txt
[2.122s] writing requirements to build/kolocharov_pkg/kolocharov_pkg.egg-info/requires.txt
[2.122s] writing top-level names to build/kolocharov_pkg/kolocharov_pkg.egg-info/top_level.txt
[2.122s] writing manifest file 'build/kolocharov_pkg/kolocharov_pkg.egg-info/SOURCES.txt'
[2.200s] reading manifest file 'build/kolocharov_pkg/kolocharov_pkg.egg-info/SOURCES.txt'
[2.201s] writing manifest file 'build/kolocharov_pkg/kolocharov_pkg.egg-info/SOURCES.txt'
[2.201s] running build
[2.201s] running build_py
[2.202s] creating /home/i-mv/ros2_ws/src/kolocharov_pkg/build/kolocharov_pkg/build
[2.202s] creating /home/i-mv/ros2_ws/src/kolocharov_pkg/build/kolocharov_pkg/build/lib
[2.202s] creating /home/i-mv/ros2_ws/src/kolocharov_pkg/build/kolocharov_pkg/build/lib/kolocharov_pkg
[2.202s] copying kolocharov_pkg/__init__.py -> /home/i-mv/ros2_ws/src/kolocharov_pkg/build/kolocharov_pkg/build/lib/kolocharov_pkg
[2.203s] creating /home/i-mv/ros2_ws/src/kolocharov_pkg/build/kolocharov_pkg/build/lib/kolocharov_pkg/scripts
[2.203s] copying kolocharov_pkg/scripts/talker.py -> /home/i-mv/ros2_ws/src/kolocharov_pkg/build/kolocharov_pkg/build/lib/kolocharov_pkg/scripts
[2.203s] copying kolocharov_pkg/scripts/time_printer.py -> /home/i-mv/ros2_ws/src/kolocharov_pkg/build/kolocharov_pkg/build/lib/kolocharov_pkg/scripts
[2.203s] copying kolocharov_pkg/scripts/__init__.py -> /home/i-mv/ros2_ws/src/kolocharov_pkg/build/kolocharov_pkg/build/lib/kolocharov_pkg/scripts
[2.203s] copying kolocharov_pkg/scripts/first_node.py -> /home/i-mv/ros2_ws/src/kolocharov_pkg/build/kolocharov_pkg/build/lib/kolocharov_pkg/scripts
[2.204s] running install
[2.217s] running install_lib
[2.256s] creating /home/i-mv/ros2_ws/src/kolocharov_pkg/install/kolocharov_pkg/lib/python3.12/site-packages/kolocharov_pkg
[2.256s] creating /home/i-mv/ros2_ws/src/kolocharov_pkg/install/kolocharov_pkg/lib/python3.12/site-packages/kolocharov_pkg/scripts
[2.257s] copying /home/i-mv/ros2_ws/src/kolocharov_pkg/build/kolocharov_pkg/build/lib/kolocharov_pkg/scripts/talker.py -> /home/i-mv/ros2_ws/src/kolocharov_pkg/install/kolocharov_pkg/lib/python3.12/site-packages/kolocharov_pkg/scripts
[2.257s] copying /home/i-mv/ros2_ws/src/kolocharov_pkg/build/kolocharov_pkg/build/lib/kolocharov_pkg/scripts/time_printer.py -> /home/i-mv/ros2_ws/src/kolocharov_pkg/install/kolocharov_pkg/lib/python3.12/site-packages/kolocharov_pkg/scripts
[2.257s] copying /home/i-mv/ros2_ws/src/kolocharov_pkg/build/kolocharov_pkg/build/lib/kolocharov_pkg/scripts/__init__.py -> /home/i-mv/ros2_ws/src/kolocharov_pkg/install/kolocharov_pkg/lib/python3.12/site-packages/kolocharov_pkg/scripts
[2.258s] copying /home/i-mv/ros2_ws/src/kolocharov_pkg/build/kolocharov_pkg/build/lib/kolocharov_pkg/scripts/first_node.py -> /home/i-mv/ros2_ws/src/kolocharov_pkg/install/kolocharov_pkg/lib/python3.12/site-packages/kolocharov_pkg/scripts
[2.258s] copying /home/i-mv/ros2_ws/src/kolocharov_pkg/build/kolocharov_pkg/build/lib/kolocharov_pkg/__init__.py -> /home/i-mv/ros2_ws/src/kolocharov_pkg/install/kolocharov_pkg/lib/python3.12/site-packages/kolocharov_pkg
[2.258s] byte-compiling /home/i-mv/ros2_ws/src/kolocharov_pkg/install/kolocharov_pkg/lib/python3.12/site-packages/kolocharov_pkg/scripts/talker.py to talker.cpython-312.pyc
[2.260s] byte-compiling /home/i-mv/ros2_ws/src/kolocharov_pkg/install/kolocharov_pkg/lib/python3.12/site-packages/kolocharov_pkg/scripts/time_printer.py to time_printer.cpython-312.pyc
[2.260s] byte-compiling /home/i-mv/ros2_ws/src/kolocharov_pkg/install/kolocharov_pkg/lib/python3.12/site-packages/kolocharov_pkg/scripts/__init__.py to __init__.cpython-312.pyc
[2.261s] byte-compiling /home/i-mv/ros2_ws/src/kolocharov_pkg/install/kolocharov_pkg/lib/python3.12/site-packages/kolocharov_pkg/scripts/first_node.py to first_node.cpython-312.pyc
[2.261s] byte-compiling /home/i-mv/ros2_ws/src/kolocharov_pkg/install/kolocharov_pkg/lib/python3.12/site-packages/kolocharov_pkg/__init__.py to __init__.cpython-312.pyc
[2.262s] running install_data
[2.262s] creating /home/i-mv/ros2_ws/src/kolocharov_pkg/install/kolocharov_pkg/share/ament_index
[2.262s] creating /home/i-mv/ros2_ws/src/kolocharov_pkg/install/kolocharov_pkg/share/ament_index/resource_index
[2.263s] creating /home/i-mv/ros2_ws/src/kolocharov_pkg/install/kolocharov_pkg/share/ament_index/resource_index/packages
[2.263s] copying resource/kolocharov_pkg -> /home/i-mv/ros2_ws/src/kolocharov_pkg/install/kolocharov_pkg/share/ament_index/resource_index/packages
[2.263s] copying package.xml -> /home/i-mv/ros2_ws/src/kolocharov_pkg/install/kolocharov_pkg/share/kolocharov_pkg
[2.263s] running install_egg_info
[2.307s] Copying build/kolocharov_pkg/kolocharov_pkg.egg-info to /home/i-mv/ros2_ws/src/kolocharov_pkg/install/kolocharov_pkg/lib/python3.12/site-packages/kolocharov_pkg-0.0.0-py3.12.egg-info
[2.310s] running install_scripts
[2.555s] Installing first_node script to /home/i-mv/ros2_ws/src/kolocharov_pkg/install/kolocharov_pkg/lib/kolocharov_pkg
[2.556s] Installing talker script to /home/i-mv/ros2_ws/src/kolocharov_pkg/install/kolocharov_pkg/lib/kolocharov_pkg
[2.556s] Installing time_printer script to /home/i-mv/ros2_ws/src/kolocharov_pkg/install/kolocharov_pkg/lib/kolocharov_pkg
[2.557s] writing list of installed files to '/home/i-mv/ros2_ws/src/kolocharov_pkg/build/kolocharov_pkg/install.log'
[2.607s] Invoked command in '/home/i-mv/ros2_ws/src/kolocharov_pkg' returned '0': DEBUGINFOD_URLS=https://debuginfod.ubuntu.com PYTHONPATH=/home/i-mv/ros2_ws/src/kolocharov_pkg/build/kolocharov_pkg/prefix_override:/usr/lib/python3/dist-packages/colcon_core/task/python/colcon_distutils_commands:/home/i-mv/ros2_ws/src/kolocharov_pkg/install/kolocharov_pkg/lib/python3.12/site-packages:${PYTHONPATH} /usr/bin/python3 -W ignore:setup.py install is deprecated -W ignore:easy_install command is deprecated setup.py egg_info --egg-base build/kolocharov_pkg build --build-base /home/i-mv/ros2_ws/src/kolocharov_pkg/build/kolocharov_pkg/build install --record /home/i-mv/ros2_ws/src/kolocharov_pkg/build/kolocharov_pkg/install.log --single-version-externally-managed install_data
