[1.493s] Invoking command in '/home/i-mv/ros2_ws/src/kolocharov_pkg': DEBUGINFOD_URLS=https://debuginfod.ubuntu.com PYTHONPATH=/home/i-mv/ros2_ws/src/kolocharov_pkg/build/kolocharov_pkg/prefix_override:/usr/lib/python3/dist-packages/colcon_core/task/python/colcon_distutils_commands:/home/i-mv/ros2_ws/src/kolocharov_pkg/install/kolocharov_pkg/lib/python3.12/site-packages:${PYTHONPATH} /usr/bin/python3 -W ignore:setup.py install is deprecated -W ignore:easy_install command is deprecated setup.py egg_info --egg-base build/kolocharov_pkg build --build-base /home/i-mv/ros2_ws/src/kolocharov_pkg/build/kolocharov_pkg/build install --record /home/i-mv/ros2_ws/src/kolocharov_pkg/build/kolocharov_pkg/install.log --single-version-externally-managed install_data
[1.998s] running egg_info
[2.042s] writing build/kolocharov_pkg/kolocharov_pkg.egg-info/PKG-INFO
[2.042s] writing dependency_links to build/kolocharov_pkg/kolocharov_pkg.egg-info/dependency_links.txt
[2.042s] writing entry points to build/kolocharov_pkg/kolocharov_pkg.egg-info/entry_points.txt
[2.043s] writing requirements to build/kolocharov_pkg/kolocharov_pkg.egg-info/requires.txt
[2.043s] writing top-level names to build/kolocharov_pkg/kolocharov_pkg.egg-info/top_level.txt
[2.123s] reading manifest file 'build/kolocharov_pkg/kolocharov_pkg.egg-info/SOURCES.txt'
[2.125s] writing manifest file 'build/kolocharov_pkg/kolocharov_pkg.egg-info/SOURCES.txt'
[2.125s] running build
[2.126s] running build_py
[2.126s] copying kolocharov_pkg/scripts/even_number_publisher.py -> /home/i-mv/ros2_ws/src/kolocharov_pkg/build/kolocharov_pkg/build/lib/kolocharov_pkg/scripts
[2.127s] copying kolocharov_pkg/scripts/overflow_listener.py -> /home/i-mv/ros2_ws/src/kolocharov_pkg/build/kolocharov_pkg/build/lib/kolocharov_pkg/scripts
[2.128s] running install
[2.139s] running install_lib
[2.177s] copying /home/i-mv/ros2_ws/src/kolocharov_pkg/build/kolocharov_pkg/build/lib/kolocharov_pkg/scripts/even_number_publisher.py -> /home/i-mv/ros2_ws/src/kolocharov_pkg/install/kolocharov_pkg/lib/python3.12/site-packages/kolocharov_pkg/scripts
[2.178s] copying /home/i-mv/ros2_ws/src/kolocharov_pkg/build/kolocharov_pkg/build/lib/kolocharov_pkg/scripts/overflow_listener.py -> /home/i-mv/ros2_ws/src/kolocharov_pkg/install/kolocharov_pkg/lib/python3.12/site-packages/kolocharov_pkg/scripts
[2.179s] byte-compiling /home/i-mv/ros2_ws/src/kolocharov_pkg/install/kolocharov_pkg/lib/python3.12/site-packages/kolocharov_pkg/scripts/even_number_publisher.py to even_number_publisher.cpython-312.pyc
[2.180s] byte-compiling /home/i-mv/ros2_ws/src/kolocharov_pkg/install/kolocharov_pkg/lib/python3.12/site-packages/kolocharov_pkg/scripts/overflow_listener.py to overflow_listener.cpython-312.pyc
[2.181s] running install_data
[2.182s] running install_egg_info
[2.224s] removing '/home/i-mv/ros2_ws/src/kolocharov_pkg/install/kolocharov_pkg/lib/python3.12/site-packages/kolocharov_pkg-0.0.0-py3.12.egg-info' (and everything under it)
[2.225s] Copying build/kolocharov_pkg/kolocharov_pkg.egg-info to /home/i-mv/ros2_ws/src/kolocharov_pkg/install/kolocharov_pkg/lib/python3.12/site-packages/kolocharov_pkg-0.0.0-py3.12.egg-info
[2.226s] running install_scripts
[2.476s] Installing even_publisher script to /home/i-mv/ros2_ws/src/kolocharov_pkg/install/kolocharov_pkg/lib/kolocharov_pkg
[2.477s] Installing first_node script to /home/i-mv/ros2_ws/src/kolocharov_pkg/install/kolocharov_pkg/lib/kolocharov_pkg
[2.477s] Installing listener script to /home/i-mv/ros2_ws/src/kolocharov_pkg/install/kolocharov_pkg/lib/kolocharov_pkg
[2.478s] Installing overflow_listener script to /home/i-mv/ros2_ws/src/kolocharov_pkg/install/kolocharov_pkg/lib/kolocharov_pkg
[2.478s] Installing talker script to /home/i-mv/ros2_ws/src/kolocharov_pkg/install/kolocharov_pkg/lib/kolocharov_pkg
[2.478s] Installing time_printer script to /home/i-mv/ros2_ws/src/kolocharov_pkg/install/kolocharov_pkg/lib/kolocharov_pkg
[2.479s] writing list of installed files to '/home/i-mv/ros2_ws/src/kolocharov_pkg/build/kolocharov_pkg/install.log'
[2.532s] Invoked command in '/home/i-mv/ros2_ws/src/kolocharov_pkg' returned '0': DEBUGINFOD_URLS=https://debuginfod.ubuntu.com PYTHONPATH=/home/i-mv/ros2_ws/src/kolocharov_pkg/build/kolocharov_pkg/prefix_override:/usr/lib/python3/dist-packages/colcon_core/task/python/colcon_distutils_commands:/home/i-mv/ros2_ws/src/kolocharov_pkg/install/kolocharov_pkg/lib/python3.12/site-packages:${PYTHONPATH} /usr/bin/python3 -W ignore:setup.py install is deprecated -W ignore:easy_install command is deprecated setup.py egg_info --egg-base build/kolocharov_pkg build --build-base /home/i-mv/ros2_ws/src/kolocharov_pkg/build/kolocharov_pkg/build install --record /home/i-mv/ros2_ws/src/kolocharov_pkg/build/kolocharov_pkg/install.log --single-version-externally-managed install_data
