[0.194s] DEBUG:colcon:Command line arguments: ['/usr/bin/colcon', 'build', '--packages-select', 'kolocharov_pkg']
[0.194s] DEBUG:colcon:Parsed command line arguments: Namespace(log_base=None, log_level=None, verb_name='build', build_base='build', install_base='install', merge_install=False, symlink_install=False, test_result_base=None, continue_on_error=False, executor='parallel', parallel_workers=4, event_handlers=None, ignore_user_meta=False, metas=['./colcon.meta'], base_paths=['.'], packages_ignore=None, packages_ignore_regex=None, paths=None, packages_up_to=None, packages_up_to_regex=None, packages_above=None, packages_above_and_dependencies=None, packages_above_depth=None, packages_select_by_dep=None, packages_skip_by_dep=None, packages_skip_up_to=None, packages_select_build_failed=False, packages_skip_build_finished=False, packages_select_test_failures=False, packages_skip_test_passed=False, packages_select=['kolocharov_pkg'], packages_skip=None, packages_select_regex=None, packages_skip_regex=None, packages_start=None, packages_end=None, allow_overriding=[], cmake_args=None, cmake_target=None, cmake_target_skip_unavailable=False, cmake_clean_cache=False, cmake_clean_first=False, cmake_force_configure=False, ament_cmake_args=None, catkin_cmake_args=None, catkin_skip_building_tests=False, mixin_files=None, mixin=None, verb_parser=<colcon_mixin.mixin.mixin_argument.MixinArgumentDecorator object at 0x7f6a30d77ef0>, verb_extension=<colcon_core.verb.build.BuildVerb object at 0x7f6a30d77170>, main=<bound method BuildVerb.main of <colcon_core.verb.build.BuildVerb object at 0x7f6a30d77170>>, mixin_verb=('build',))
[0.260s] Level 1:colcon.colcon_core.package_discovery:discover_packages(colcon_meta) check parameters
[0.260s] Level 1:colcon.colcon_core.package_discovery:discover_packages(recursive) check parameters
[0.260s] Level 1:colcon.colcon_core.package_discovery:discover_packages(ignore) check parameters
[0.261s] Level 1:colcon.colcon_core.package_discovery:discover_packages(path) check parameters
[0.261s] Level 1:colcon.colcon_core.package_discovery:discover_packages(colcon_meta) discover
[0.261s] Level 1:colcon.colcon_core.package_discovery:discover_packages(recursive) discover
[0.261s] INFO:colcon.colcon_core.package_discovery:Crawling recursively for packages in '/home/i-mv/ros2_ws/src/kolocharov_pkg'
[0.261s] Level 1:colcon.colcon_core.package_identification:_identify(.) by extensions ['ignore', 'ignore_ament_install']
[0.261s] Level 1:colcon.colcon_core.package_identification:_identify(.) by extension 'ignore'
[0.261s] Level 1:colcon.colcon_core.package_identification:_identify(.) by extension 'ignore_ament_install'
[0.261s] Level 1:colcon.colcon_core.package_identification:_identify(.) by extensions ['colcon_pkg']
[0.261s] Level 1:colcon.colcon_core.package_identification:_identify(.) by extension 'colcon_pkg'
[0.262s] Level 1:colcon.colcon_core.package_identification:_identify(.) by extensions ['colcon_meta']
[0.262s] Level 1:colcon.colcon_core.package_identification:_identify(.) by extension 'colcon_meta'
[0.262s] Level 1:colcon.colcon_core.package_identification:_identify(.) by extensions ['ros']
[0.262s] Level 1:colcon.colcon_core.package_identification:_identify(.) by extension 'ros'
[0.308s] DEBUG:colcon.colcon_core.package_identification:Package '.' with type 'ros.ament_python' and name 'kolocharov_pkg'
[0.308s] Level 1:colcon.colcon_core.package_discovery:discover_packages(recursive) using defaults
[0.308s] Level 1:colcon.colcon_core.package_discovery:discover_packages(ignore) discover
[0.308s] Level 1:colcon.colcon_core.package_discovery:discover_packages(ignore) using defaults
[0.308s] Level 1:colcon.colcon_core.package_discovery:discover_packages(path) discover
[0.308s] Level 1:colcon.colcon_core.package_discovery:discover_packages(path) using defaults
[0.336s] Level 1:colcon.colcon_core.package_discovery:discover_packages(prefix_path) check parameters
[0.336s] Level 1:colcon.colcon_core.package_discovery:discover_packages(prefix_path) discover
[0.339s] DEBUG:colcon.colcon_installed_package_information.package_discovery:Found 1 installed packages in /home/i-mv/ros2_ws/src/kolocharov_pkg/install
[0.340s] DEBUG:colcon.colcon_installed_package_information.package_discovery:Found 1 installed packages in /home/i-mv/ros2_ws/install
[0.340s] DEBUG:colcon.colcon_installed_package_information.package_discovery:Found 1 installed packages in /home/i-mv/ros2_ws/src/install
[0.344s] DEBUG:colcon.colcon_installed_package_information.package_discovery:Found 288 installed packages in /opt/ros/jazzy
[0.346s] Level 1:colcon.colcon_core.package_discovery:discover_packages(prefix_path) using defaults
[0.439s] Level 5:colcon.colcon_core.verb:set package 'kolocharov_pkg' build argument 'cmake_args' from command line to 'None'
[0.439s] Level 5:colcon.colcon_core.verb:set package 'kolocharov_pkg' build argument 'cmake_target' from command line to 'None'
[0.439s] Level 5:colcon.colcon_core.verb:set package 'kolocharov_pkg' build argument 'cmake_target_skip_unavailable' from command line to 'False'
[0.439s] Level 5:colcon.colcon_core.verb:set package 'kolocharov_pkg' build argument 'cmake_clean_cache' from command line to 'False'
[0.439s] Level 5:colcon.colcon_core.verb:set package 'kolocharov_pkg' build argument 'cmake_clean_first' from command line to 'False'
[0.439s] Level 5:colcon.colcon_core.verb:set package 'kolocharov_pkg' build argument 'cmake_force_configure' from command line to 'False'
[0.439s] Level 5:colcon.colcon_core.verb:set package 'kolocharov_pkg' build argument 'ament_cmake_args' from command line to 'None'
[0.439s] Level 5:colcon.colcon_core.verb:set package 'kolocharov_pkg' build argument 'catkin_cmake_args' from command line to 'None'
[0.439s] Level 5:colcon.colcon_core.verb:set package 'kolocharov_pkg' build argument 'catkin_skip_building_tests' from command line to 'False'
[0.440s] DEBUG:colcon.colcon_core.verb:Building package 'kolocharov_pkg' with the following arguments: {'ament_cmake_args': None, 'build_base': '/home/i-mv/ros2_ws/src/kolocharov_pkg/build/kolocharov_pkg', 'catkin_cmake_args': None, 'catkin_skip_building_tests': False, 'cmake_args': None, 'cmake_clean_cache': False, 'cmake_clean_first': False, 'cmake_force_configure': False, 'cmake_target': None, 'cmake_target_skip_unavailable': False, 'install_base': '/home/i-mv/ros2_ws/src/kolocharov_pkg/install/kolocharov_pkg', 'merge_install': False, 'path': '/home/i-mv/ros2_ws/src/kolocharov_pkg', 'symlink_install': False, 'test_result_base': None}
[0.440s] INFO:colcon.colcon_core.executor:Executing jobs using 'parallel' executor
[0.441s] DEBUG:colcon.colcon_parallel_executor.executor.parallel:run_until_complete
[0.442s] INFO:colcon.colcon_ros.task.ament_python.build:Building ROS package in '/home/i-mv/ros2_ws/src/kolocharov_pkg' with build type 'ament_python'
[0.442s] Level 1:colcon.colcon_core.shell:create_environment_hook('kolocharov_pkg', 'ament_prefix_path')
[0.446s] INFO:colcon.colcon_core.plugin_system:Skipping extension 'colcon_core.shell.bat': Not used on non-Windows systems
[0.446s] INFO:colcon.colcon_core.shell:Creating environment hook '/home/i-mv/ros2_ws/src/kolocharov_pkg/install/kolocharov_pkg/share/kolocharov_pkg/hook/ament_prefix_path.ps1'
[0.448s] INFO:colcon.colcon_core.shell:Creating environment descriptor '/home/i-mv/ros2_ws/src/kolocharov_pkg/install/kolocharov_pkg/share/kolocharov_pkg/hook/ament_prefix_path.dsv'
[0.449s] INFO:colcon.colcon_core.shell:Creating environment hook '/home/i-mv/ros2_ws/src/kolocharov_pkg/install/kolocharov_pkg/share/kolocharov_pkg/hook/ament_prefix_path.sh'
[0.451s] INFO:colcon.colcon_core.shell:Skip shell extension 'powershell' for command environment: Not usable outside of PowerShell
[0.451s] DEBUG:colcon.colcon_core.shell:Skip shell extension 'dsv' for command environment
[0.856s] INFO:colcon.colcon_core.task.python.build:Building Python package in '/home/i-mv/ros2_ws/src/kolocharov_pkg'
[0.856s] INFO:colcon.colcon_core.shell:Skip shell extension 'powershell' for command environment: Not usable outside of PowerShell
[0.856s] DEBUG:colcon.colcon_core.shell:Skip shell extension 'dsv' for command environment
[2.017s] DEBUG:colcon.colcon_core.event_handler.log_command:Invoking command in '/home/i-mv/ros2_ws/src/kolocharov_pkg': DEBUGINFOD_URLS=https://debuginfod.ubuntu.com PYTHONPATH=/home/i-mv/ros2_ws/src/kolocharov_pkg/build/kolocharov_pkg/prefix_override:/usr/lib/python3/dist-packages/colcon_core/task/python/colcon_distutils_commands:/home/i-mv/ros2_ws/src/kolocharov_pkg/install/kolocharov_pkg/lib/python3.12/site-packages:${PYTHONPATH} /usr/bin/python3 -W ignore:setup.py install is deprecated -W ignore:easy_install command is deprecated setup.py egg_info --egg-base build/kolocharov_pkg build --build-base /home/i-mv/ros2_ws/src/kolocharov_pkg/build/kolocharov_pkg/build install --record /home/i-mv/ros2_ws/src/kolocharov_pkg/build/kolocharov_pkg/install.log --single-version-externally-managed install_data
[3.048s] DEBUG:colcon.colcon_core.event_handler.log_command:Invoked command in '/home/i-mv/ros2_ws/src/kolocharov_pkg' returned '0': DEBUGINFOD_URLS=https://debuginfod.ubuntu.com PYTHONPATH=/home/i-mv/ros2_ws/src/kolocharov_pkg/build/kolocharov_pkg/prefix_override:/usr/lib/python3/dist-packages/colcon_core/task/python/colcon_distutils_commands:/home/i-mv/ros2_ws/src/kolocharov_pkg/install/kolocharov_pkg/lib/python3.12/site-packages:${PYTHONPATH} /usr/bin/python3 -W ignore:setup.py install is deprecated -W ignore:easy_install command is deprecated setup.py egg_info --egg-base build/kolocharov_pkg build --build-base /home/i-mv/ros2_ws/src/kolocharov_pkg/build/kolocharov_pkg/build install --record /home/i-mv/ros2_ws/src/kolocharov_pkg/build/kolocharov_pkg/install.log --single-version-externally-managed install_data
[3.058s] Level 1:colcon.colcon_core.environment:checking '/home/i-mv/ros2_ws/src/kolocharov_pkg/install/kolocharov_pkg' for CMake module files
[3.061s] Level 1:colcon.colcon_core.environment:checking '/home/i-mv/ros2_ws/src/kolocharov_pkg/install/kolocharov_pkg' for CMake config files
[3.064s] Level 1:colcon.colcon_core.environment:checking '/home/i-mv/ros2_ws/src/kolocharov_pkg/install/kolocharov_pkg/lib'
[3.065s] Level 1:colcon.colcon_core.environment:checking '/home/i-mv/ros2_ws/src/kolocharov_pkg/install/kolocharov_pkg/bin'
[3.065s] Level 1:colcon.colcon_core.environment:checking '/home/i-mv/ros2_ws/src/kolocharov_pkg/install/kolocharov_pkg/lib/pkgconfig/kolocharov_pkg.pc'
[3.066s] Level 1:colcon.colcon_core.environment:checking '/home/i-mv/ros2_ws/src/kolocharov_pkg/install/kolocharov_pkg/lib/python3.12/site-packages'
[3.067s] Level 1:colcon.colcon_core.shell:create_environment_hook('kolocharov_pkg', 'pythonpath')
[3.067s] INFO:colcon.colcon_core.shell:Creating environment hook '/home/i-mv/ros2_ws/src/kolocharov_pkg/install/kolocharov_pkg/share/kolocharov_pkg/hook/pythonpath.ps1'
[3.069s] INFO:colcon.colcon_core.shell:Creating environment descriptor '/home/i-mv/ros2_ws/src/kolocharov_pkg/install/kolocharov_pkg/share/kolocharov_pkg/hook/pythonpath.dsv'
[3.070s] INFO:colcon.colcon_core.shell:Creating environment hook '/home/i-mv/ros2_ws/src/kolocharov_pkg/install/kolocharov_pkg/share/kolocharov_pkg/hook/pythonpath.sh'
[3.073s] Level 1:colcon.colcon_core.environment:checking '/home/i-mv/ros2_ws/src/kolocharov_pkg/install/kolocharov_pkg/bin'
[3.073s] Level 1:colcon.colcon_core.environment:create_environment_scripts_only(kolocharov_pkg)
[3.074s] INFO:colcon.colcon_core.shell:Creating package script '/home/i-mv/ros2_ws/src/kolocharov_pkg/install/kolocharov_pkg/share/kolocharov_pkg/package.ps1'
[3.078s] INFO:colcon.colcon_core.shell:Creating package descriptor '/home/i-mv/ros2_ws/src/kolocharov_pkg/install/kolocharov_pkg/share/kolocharov_pkg/package.dsv'
[3.080s] INFO:colcon.colcon_core.shell:Creating package script '/home/i-mv/ros2_ws/src/kolocharov_pkg/install/kolocharov_pkg/share/kolocharov_pkg/package.sh'
[3.082s] INFO:colcon.colcon_core.shell:Creating package script '/home/i-mv/ros2_ws/src/kolocharov_pkg/install/kolocharov_pkg/share/kolocharov_pkg/package.bash'
[3.084s] INFO:colcon.colcon_core.shell:Creating package script '/home/i-mv/ros2_ws/src/kolocharov_pkg/install/kolocharov_pkg/share/kolocharov_pkg/package.zsh'
[3.086s] Level 1:colcon.colcon_core.environment:create_file_with_runtime_dependencies(/home/i-mv/ros2_ws/src/kolocharov_pkg/install/kolocharov_pkg/share/colcon-core/packages/kolocharov_pkg)
[3.087s] DEBUG:colcon.colcon_parallel_executor.executor.parallel:closing loop
[3.089s] DEBUG:colcon.colcon_parallel_executor.executor.parallel:loop closed
[3.089s] DEBUG:colcon.colcon_parallel_executor.executor.parallel:run_until_complete finished with '0'
[3.089s] DEBUG:colcon.colcon_core.event_reactor:joining thread
[3.108s] INFO:colcon.colcon_core.plugin_system:Skipping extension 'colcon_notification.desktop_notification.terminal_notifier': Not used on non-Darwin systems
[3.109s] INFO:colcon.colcon_core.plugin_system:Skipping extension 'colcon_notification.desktop_notification.win32': Not used on non-Windows systems
[3.109s] INFO:colcon.colcon_notification.desktop_notification:Sending desktop notification using 'notify2'
[3.162s] DEBUG:colcon.colcon_core.event_reactor:joined thread
[3.162s] INFO:colcon.colcon_core.shell:Creating prefix script '/home/i-mv/ros2_ws/src/kolocharov_pkg/install/local_setup.ps1'
[3.166s] INFO:colcon.colcon_core.shell:Creating prefix util module '/home/i-mv/ros2_ws/src/kolocharov_pkg/install/_local_setup_util_ps1.py'
[3.171s] INFO:colcon.colcon_core.shell:Creating prefix chain script '/home/i-mv/ros2_ws/src/kolocharov_pkg/install/setup.ps1'
[3.176s] INFO:colcon.colcon_core.shell:Creating prefix script '/home/i-mv/ros2_ws/src/kolocharov_pkg/install/local_setup.sh'
[3.178s] INFO:colcon.colcon_core.shell:Creating prefix util module '/home/i-mv/ros2_ws/src/kolocharov_pkg/install/_local_setup_util_sh.py'
[3.179s] INFO:colcon.colcon_core.shell:Creating prefix chain script '/home/i-mv/ros2_ws/src/kolocharov_pkg/install/setup.sh'
[3.182s] INFO:colcon.colcon_core.shell:Creating prefix script '/home/i-mv/ros2_ws/src/kolocharov_pkg/install/local_setup.bash'
[3.183s] INFO:colcon.colcon_core.shell:Creating prefix chain script '/home/i-mv/ros2_ws/src/kolocharov_pkg/install/setup.bash'
[3.185s] INFO:colcon.colcon_core.shell:Creating prefix script '/home/i-mv/ros2_ws/src/kolocharov_pkg/install/local_setup.zsh'
[3.187s] INFO:colcon.colcon_core.shell:Creating prefix chain script '/home/i-mv/ros2_ws/src/kolocharov_pkg/install/setup.zsh'
