/home/i-mv/ros2_ws/src/kolocharov_pkg/install/kolocharov_pkg/lib/python3.12/site-packages/kolocharov_pkg/__init__.py
/home/i-mv/ros2_ws/src/kolocharov_pkg/install/kolocharov_pkg/lib/python3.12/site-packages/kolocharov_pkg/scripts/talker.py
/home/i-mv/ros2_ws/src/kolocharov_pkg/install/kolocharov_pkg/lib/python3.12/site-packages/kolocharov_pkg/scripts/time_printer.py
/home/i-mv/ros2_ws/src/kolocharov_pkg/install/kolocharov_pkg/lib/python3.12/site-packages/kolocharov_pkg/scripts/listener.py
/home/i-mv/ros2_ws/src/kolocharov_pkg/install/kolocharov_pkg/lib/python3.12/site-packages/kolocharov_pkg/scripts/__init__.py
/home/i-mv/ros2_ws/src/kolocharov_pkg/install/kolocharov_pkg/lib/python3.12/site-packages/kolocharov_pkg/scripts/first_node.py
/home/i-mv/ros2_ws/src/kolocharov_pkg/install/kolocharov_pkg/lib/python3.12/site-packages/kolocharov_pkg/__pycache__/__init__.cpython-312.pyc
/home/i-mv/ros2_ws/src/kolocharov_pkg/install/kolocharov_pkg/lib/python3.12/site-packages/kolocharov_pkg/scripts/__pycache__/talker.cpython-312.pyc
/home/i-mv/ros2_ws/src/kolocharov_pkg/install/kolocharov_pkg/lib/python3.12/site-packages/kolocharov_pkg/scripts/__pycache__/time_printer.cpython-312.pyc
/home/i-mv/ros2_ws/src/kolocharov_pkg/install/kolocharov_pkg/lib/python3.12/site-packages/kolocharov_pkg/scripts/__pycache__/listener.cpython-312.pyc
/home/i-mv/ros2_ws/src/kolocharov_pkg/install/kolocharov_pkg/lib/python3.12/site-packages/kolocharov_pkg/scripts/__pycache__/__init__.cpython-312.pyc
/home/i-mv/ros2_ws/src/kolocharov_pkg/install/kolocharov_pkg/lib/python3.12/site-packages/kolocharov_pkg/scripts/__pycache__/first_node.cpython-312.pyc
/home/i-mv/ros2_ws/src/kolocharov_pkg/install/kolocharov_pkg/share/ament_index/resource_index/packages/kolocharov_pkg
/home/i-mv/ros2_ws/src/kolocharov_pkg/install/kolocharov_pkg/share/kolocharov_pkg/package.xml
/home/i-mv/ros2_ws/src/kolocharov_pkg/install/kolocharov_pkg/lib/python3.12/site-packages/kolocharov_pkg-0.0.0-py3.12.egg-info/SOURCES.txt
/home/i-mv/ros2_ws/src/kolocharov_pkg/install/kolocharov_pkg/lib/python3.12/site-packages/kolocharov_pkg-0.0.0-py3.12.egg-info/requires.txt
/home/i-mv/ros2_ws/src/kolocharov_pkg/install/kolocharov_pkg/lib/python3.12/site-packages/kolocharov_pkg-0.0.0-py3.12.egg-info/entry_points.txt
/home/i-mv/ros2_ws/src/kolocharov_pkg/install/kolocharov_pkg/lib/python3.12/site-packages/kolocharov_pkg-0.0.0-py3.12.egg-info/dependency_links.txt
/home/i-mv/ros2_ws/src/kolocharov_pkg/install/kolocharov_pkg/lib/python3.12/site-packages/kolocharov_pkg-0.0.0-py3.12.egg-info/zip-safe
/home/i-mv/ros2_ws/src/kolocharov_pkg/install/kolocharov_pkg/lib/python3.12/site-packages/kolocharov_pkg-0.0.0-py3.12.egg-info/PKG-INFO
/home/i-mv/ros2_ws/src/kolocharov_pkg/install/kolocharov_pkg/lib/python3.12/site-packages/kolocharov_pkg-0.0.0-py3.12.egg-info/top_level.txt
/home/i-mv/ros2_ws/src/kolocharov_pkg/install/kolocharov_pkg/lib/kolocharov_pkg/first_node
/home/i-mv/ros2_ws/src/kolocharov_pkg/install/kolocharov_pkg/lib/kolocharov_pkg/listener
/home/i-mv/ros2_ws/src/kolocharov_pkg/install/kolocharov_pkg/lib/kolocharov_pkg/talker
/home/i-mv/ros2_ws/src/kolocharov_pkg/install/kolocharov_pkg/lib/kolocharov_pkg/time_printer
