[1.574s] Invoking command in '/home/i-mv/ros2_ws/src/kolocharov_pkg': DEBUGINFOD_URLS=https://debuginfod.ubuntu.com PYTHONPATH=/home/i-mv/ros2_ws/src/kolocharov_pkg/build/kolocharov_pkg/prefix_override:/usr/lib/python3/dist-packages/colcon_core/task/python/colcon_distutils_commands:/home/i-mv/ros2_ws/src/kolocharov_pkg/install/kolocharov_pkg/lib/python3.12/site-packages:${PYTHONPATH} /usr/bin/python3 -W ignore:setup.py install is deprecated -W ignore:easy_install command is deprecated setup.py egg_info --egg-base build/kolocharov_pkg build --build-base /home/i-mv/ros2_ws/src/kolocharov_pkg/build/kolocharov_pkg/build install --record /home/i-mv/ros2_ws/src/kolocharov_pkg/build/kolocharov_pkg/install.log --single-version-externally-managed install_data
[2.080s] running egg_info
[2.119s] writing build/kolocharov_pkg/kolocharov_pkg.egg-info/PKG-INFO
[2.119s] writing dependency_links to build/kolocharov_pkg/kolocharov_pkg.egg-info/dependency_links.txt
[2.120s] writing entry points to build/kolocharov_pkg/kolocharov_pkg.egg-info/entry_points.txt
[2.120s] writing requirements to build/kolocharov_pkg/kolocharov_pkg.egg-info/requires.txt
[2.120s] writing top-level names to build/kolocharov_pkg/kolocharov_pkg.egg-info/top_level.txt
[2.198s] reading manifest file 'build/kolocharov_pkg/kolocharov_pkg.egg-info/SOURCES.txt'
[2.200s] writing manifest file 'build/kolocharov_pkg/kolocharov_pkg.egg-info/SOURCES.txt'
[2.200s] running build
[2.201s] running build_py
[2.201s] copying kolocharov_pkg/scripts/listener.py -> /home/i-mv/ros2_ws/src/kolocharov_pkg/build/kolocharov_pkg/build/lib/kolocharov_pkg/scripts
[2.202s] running install
[2.214s] running install_lib
[2.253s] copying /home/i-mv/ros2_ws/src/kolocharov_pkg/build/kolocharov_pkg/build/lib/kolocharov_pkg/scripts/listener.py -> /home/i-mv/ros2_ws/src/kolocharov_pkg/install/kolocharov_pkg/lib/python3.12/site-packages/kolocharov_pkg/scripts
[2.254s] byte-compiling /home/i-mv/ros2_ws/src/kolocharov_pkg/install/kolocharov_pkg/lib/python3.12/site-packages/kolocharov_pkg/scripts/listener.py to listener.cpython-312.pyc
[2.255s] running install_data
[2.256s] running install_egg_info
[2.296s] removing '/home/i-mv/ros2_ws/src/kolocharov_pkg/install/kolocharov_pkg/lib/python3.12/site-packages/kolocharov_pkg-0.0.0-py3.12.egg-info' (and everything under it)
[2.296s] Copying build/kolocharov_pkg/kolocharov_pkg.egg-info to /home/i-mv/ros2_ws/src/kolocharov_pkg/install/kolocharov_pkg/lib/python3.12/site-packages/kolocharov_pkg-0.0.0-py3.12.egg-info
[2.300s] running install_scripts
[2.549s] Installing first_node script to /home/i-mv/ros2_ws/src/kolocharov_pkg/install/kolocharov_pkg/lib/kolocharov_pkg
[2.550s] Installing listener script to /home/i-mv/ros2_ws/src/kolocharov_pkg/install/kolocharov_pkg/lib/kolocharov_pkg
[2.550s] Installing talker script to /home/i-mv/ros2_ws/src/kolocharov_pkg/install/kolocharov_pkg/lib/kolocharov_pkg
[2.550s] Installing time_printer script to /home/i-mv/ros2_ws/src/kolocharov_pkg/install/kolocharov_pkg/lib/kolocharov_pkg
[2.551s] writing list of installed files to '/home/i-mv/ros2_ws/src/kolocharov_pkg/build/kolocharov_pkg/install.log'
[2.605s] Invoked command in '/home/i-mv/ros2_ws/src/kolocharov_pkg' returned '0': DEBUGINFOD_URLS=https://debuginfod.ubuntu.com PYTHONPATH=/home/i-mv/ros2_ws/src/kolocharov_pkg/build/kolocharov_pkg/prefix_override:/usr/lib/python3/dist-packages/colcon_core/task/python/colcon_distutils_commands:/home/i-mv/ros2_ws/src/kolocharov_pkg/install/kolocharov_pkg/lib/python3.12/site-packages:${PYTHONPATH} /usr/bin/python3 -W ignore:setup.py install is deprecated -W ignore:easy_install command is deprecated setup.py egg_info --egg-base build/kolocharov_pkg build --build-base /home/i-mv/ros2_ws/src/kolocharov_pkg/build/kolocharov_pkg/build install --record /home/i-mv/ros2_ws/src/kolocharov_pkg/build/kolocharov_pkg/install.log --single-version-externally-managed install_data
