running egg_info
writing build/kolocharov_pkg/kolocharov_pkg.egg-info/PKG-INFO
writing dependency_links to build/kolocharov_pkg/kolocharov_pkg.egg-info/dependency_links.txt
writing entry points to build/kolocharov_pkg/kolocharov_pkg.egg-info/entry_points.txt
writing requirements to build/kolocharov_pkg/kolocharov_pkg.egg-info/requires.txt
writing top-level names to build/kolocharov_pkg/kolocharov_pkg.egg-info/top_level.txt
reading manifest file 'build/kolocharov_pkg/kolocharov_pkg.egg-info/SOURCES.txt'
writing manifest file 'build/kolocharov_pkg/kolocharov_pkg.egg-info/SOURCES.txt'
running build
running build_py
copying kolocharov_pkg/scripts/even_number_publisher.py -> /home/i-mv/ros2_ws/src/kolocharov_pkg/build/kolocharov_pkg/build/lib/kolocharov_pkg/scripts
copying kolocharov_pkg/scripts/overflow_listener.py -> /home/i-mv/ros2_ws/src/kolocharov_pkg/build/kolocharov_pkg/build/lib/kolocharov_pkg/scripts
running install
running install_lib
copying /home/i-mv/ros2_ws/src/kolocharov_pkg/build/kolocharov_pkg/build/lib/kolocharov_pkg/scripts/even_number_publisher.py -> /home/i-mv/ros2_ws/src/kolocharov_pkg/install/kolocharov_pkg/lib/python3.12/site-packages/kolocharov_pkg/scripts
copying /home/i-mv/ros2_ws/src/kolocharov_pkg/build/kolocharov_pkg/build/lib/kolocharov_pkg/scripts/overflow_listener.py -> /home/i-mv/ros2_ws/src/kolocharov_pkg/install/kolocharov_pkg/lib/python3.12/site-packages/kolocharov_pkg/scripts
byte-compiling /home/i-mv/ros2_ws/src/kolocharov_pkg/install/kolocharov_pkg/lib/python3.12/site-packages/kolocharov_pkg/scripts/even_number_publisher.py to even_number_publisher.cpython-312.pyc
byte-compiling /home/i-mv/ros2_ws/src/kolocharov_pkg/install/kolocharov_pkg/lib/python3.12/site-packages/kolocharov_pkg/scripts/overflow_listener.py to overflow_listener.cpython-312.pyc
running install_data
running install_egg_info
removing '/home/i-mv/ros2_ws/src/kolocharov_pkg/install/kolocharov_pkg/lib/python3.12/site-packages/kolocharov_pkg-0.0.0-py3.12.egg-info' (and everything under it)
Copying build/kolocharov_pkg/kolocharov_pkg.egg-info to /home/i-mv/ros2_ws/src/kolocharov_pkg/install/kolocharov_pkg/lib/python3.12/site-packages/kolocharov_pkg-0.0.0-py3.12.egg-info
running install_scripts
Installing even_publisher script to /home/i-mv/ros2_ws/src/kolocharov_pkg/install/kolocharov_pkg/lib/kolocharov_pkg
Installing first_node script to /home/i-mv/ros2_ws/src/kolocharov_pkg/install/kolocharov_pkg/lib/kolocharov_pkg
Installing listener script to /home/i-mv/ros2_ws/src/kolocharov_pkg/install/kolocharov_pkg/lib/kolocharov_pkg
Installing overflow_listener script to /home/i-mv/ros2_ws/src/kolocharov_pkg/install/kolocharov_pkg/lib/kolocharov_pkg
Installing talker script to /home/i-mv/ros2_ws/src/kolocharov_pkg/install/kolocharov_pkg/lib/kolocharov_pkg
Installing time_printer script to /home/i-mv/ros2_ws/src/kolocharov_pkg/install/kolocharov_pkg/lib/kolocharov_pkg
writing list of installed files to '/home/i-mv/ros2_ws/src/kolocharov_pkg/build/kolocharov_pkg/install.log'
